main.c:135:6:HAL_UARTEx_RxEventCallback	16	static
main.c:185:6:HAL_UART_TxCpltCallback	16	static
main.c:202:5:main	88	static
main.c:318:6:SystemClock_Config	88	static
main.c:358:13:MX_USART1_UART_Init	8	static
main.c:391:13:MX_USART2_UART_Init	8	static
main.c:424:13:MX_USART6_UART_Init	8	static
main.c:455:13:MX_DMA_Init	16	static
main.c:480:13:MX_GPIO_Init	40	static
main.c:521:6:StartDefaultTask	16	static
main.c:539:6:StartNewMsgTask	72	static,ignoring_inline_asm
main.c:618:6:HAL_TIM_PeriodElapsedCallback	16	static
main.c:635:6:Error_Handler	4	static,ignoring_inline_asm
